 Image auth-service-frontend Building 
 Image auth-service-auth Building 
#1 [internal] load local bake definitions
#1 reading from stdin 1.07kB done
#1 DONE 0.0s

#2 [auth internal] load build definition from Dockerfile
#2 transferring dockerfile: 635B done
#2 DONE 0.0s

#3 [frontend internal] load build definition from Dockerfile
#3 transferring dockerfile: 1.06kB done
#3 DONE 0.0s

#4 [auth internal] load metadata for docker.io/library/python:3.11-slim
#4 DONE 0.0s

#5 [frontend internal] load metadata for docker.io/library/node:20-alpine
#5 DONE 0.0s

#6 [auth internal] load .dockerignore
#6 transferring context: 287B done
#6 DONE 0.0s

#7 [auth internal] load build context
#7 transferring context: 41.19kB done
#7 DONE 0.0s

#8 [auth 1/5] FROM docker.io/library/python:3.11-slim@sha256:db3ff2e1800a8581e2c48a27c3995339d47bdf046da21c7627accd3d51053a93
#8 resolve docker.io/library/python:3.11-slim@sha256:db3ff2e1800a8581e2c48a27c3995339d47bdf046da21c7627accd3d51053a93 0.0s done
#8 DONE 0.0s

#9 [auth 2/5] WORKDIR /app
#9 CACHED

#10 [auth 3/5] COPY requirements.txt ./
#10 DONE 0.0s

#11 [auth 4/5] RUN pip install --no-cache-dir -r requirements.txt
#11 ...

#12 [frontend internal] load metadata for docker.io/library/nginx:alpine
#12 DONE 1.4s

#13 [frontend internal] load .dockerignore
#13 transferring context: 253B done
#13 DONE 0.0s

#14 [frontend build 1/6] FROM docker.io/library/node:20-alpine@sha256:fb4cd12c85ee03686f6af5362a0b0d56d50c58a04632e6c0fb8363f609372293
#14 resolve docker.io/library/node:20-alpine@sha256:fb4cd12c85ee03686f6af5362a0b0d56d50c58a04632e6c0fb8363f609372293 0.0s done
#14 DONE 0.0s

#15 [frontend serve 1/3] FROM docker.io/library/nginx:alpine@sha256:4a73073bd557c65b759505da037898b61f1be6cbcc3c2c3aeac22d2a470c1752
#15 resolve docker.io/library/nginx:alpine@sha256:4a73073bd557c65b759505da037898b61f1be6cbcc3c2c3aeac22d2a470c1752 0.0s done
#15 CACHED

#16 [frontend internal] load build context
#16 transferring context: 89.82kB 0.0s done
#16 DONE 0.1s

#17 [frontend build 4/6] RUN npm ci
#17 CACHED

#18 [frontend build 3/6] COPY package*.json ./
#18 CACHED

#19 [frontend build 5/6] COPY . .
#19 CACHED

#20 [frontend build 2/6] WORKDIR /app
#20 CACHED

#21 [frontend build 6/6] RUN npm run build   # → /app/dist
#21 CACHED

#22 [frontend serve 2/3] COPY nginx.conf /etc/nginx/conf.d/default.conf
#22 DONE 0.0s

#11 [auth 4/5] RUN pip install --no-cache-dir -r requirements.txt
#11 ...

#23 [frontend serve 3/3] COPY --from=build /app/dist /usr/share/nginx/html
#23 DONE 0.0s

#24 [frontend] exporting to image
#24 exporting layers 0.1s done
#24 exporting manifest sha256:aeada1ee09287b409456db4b21498a83b5a0f0fd490437a8f389c3b549166881 done
#24 exporting config sha256:6ab7bd148b61903df2b910b2cda10c4cb2313e9801d9852073fed5e3dd3c4e9a done
#24 exporting attestation manifest sha256:8d76351e6538f14f3300b352a758b62fd4afc3411df80ce465eb1999804d68d5 0.0s done
#24 exporting manifest list sha256:13a165fa7b8348a9d41b96296c920655a8339cfc9f62374792ab9b0d7354fef1 done
#24 naming to docker.io/library/auth-service-frontend:latest done
#24 unpacking to docker.io/library/auth-service-frontend:latest 0.0s done
#24 DONE 0.1s

#25 [frontend] resolving provenance for metadata file
#25 DONE 0.0s

#11 [auth 4/5] RUN pip install --no-cache-dir -r requirements.txt
#11 6.264 Collecting fastapi==0.115.6 (from -r requirements.txt (line 2))
#11 11.31   Downloading fastapi-0.115.6-py3-none-any.whl.metadata (27 kB)
#11 11.37 Collecting uvicorn==0.34.0 (from uvicorn[standard]==0.34.0->-r requirements.txt (line 3))
#11 11.38   Downloading uvicorn-0.34.0-py3-none-any.whl.metadata (6.5 kB)
#11 11.65 Collecting sqlalchemy==2.0.36 (from -r requirements.txt (line 4))
#11 11.65   Downloading SQLAlchemy-2.0.36-cp311-cp311-manylinux_2_17_x86_64.manylinux2014_x86_64.whl.metadata (9.7 kB)
#11 11.69 Collecting asyncpg==0.30.0 (from -r requirements.txt (line 5))
#11 11.70   Downloading asyncpg-0.30.0-cp311-cp311-manylinux_2_17_x86_64.manylinux2014_x86_64.whl.metadata (5.0 kB)
#11 11.74 Collecting alembic==1.14.0 (from -r requirements.txt (line 6))
#11 11.75   Downloading alembic-1.14.0-py3-none-any.whl.metadata (7.4 kB)
#11 11.77 Collecting authlib==1.4.0 (from -r requirements.txt (line 7))
#11 11.78   Downloading Authlib-1.4.0-py2.py3-none-any.whl.metadata (3.9 kB)
#11 11.80 Collecting passlib==1.7.4 (from passlib[argon2]==1.7.4->-r requirements.txt (line 8))
#11 11.80   Downloading passlib-1.7.4-py2.py3-none-any.whl.metadata (1.7 kB)
#11 11.82 Collecting pyjwt==2.10.1 (from -r requirements.txt (line 9))
#11 11.83   Downloading PyJWT-2.10.1-py3-none-any.whl.metadata (4.0 kB)
#11 11.86 Collecting httpx==0.28.1 (from -r requirements.txt (line 10))
#11 11.86   Downloading httpx-0.28.1-py3-none-any.whl.metadata (7.1 kB)
#11 11.89 Collecting aiosmtplib==3.0.2 (from -r requirements.txt (line 11))
#11 11.89   Downloading aiosmtplib-3.0.2-py3-none-any.whl.metadata (3.6 kB)
#11 11.91 Collecting slowapi==0.1.9 (from -r requirements.txt (line 12))
#11 11.92   Downloading slowapi-0.1.9-py3-none-any.whl.metadata (3.0 kB)
#11 11.94 Collecting pydantic-settings==2.7.1 (from -r requirements.txt (line 13))
#11 11.95   Downloading pydantic_settings-2.7.1-py3-none-any.whl.metadata (3.5 kB)
#11 11.97 Collecting email-validator==2.3.0 (from -r requirements.txt (line 14))
#11 11.97   Downloading email_validator-2.3.0-py3-none-any.whl.metadata (26 kB)
#11 12.03 Collecting starlette<0.42.0,>=0.40.0 (from fastapi==0.115.6->-r requirements.txt (line 2))
#11 12.03   Downloading starlette-0.41.3-py3-none-any.whl.metadata (6.0 kB)
#11 12.16 Collecting pydantic!=1.8,!=1.8.1,!=2.0.0,!=2.0.1,!=2.1.0,<3.0.0,>=1.7.4 (from fastapi==0.115.6->-r requirements.txt (line 2))
#11 12.17   Downloading pydantic-2.13.4-py3-none-any.whl.metadata (109 kB)
#11 12.17      ━━━━━━━━━━━━━━━━━━━━━━━━━━━━━━━━━━━━━━ 109.4/109.4 kB 16.6 MB/s eta 0:00:00
#11 12.20 Collecting typing-extensions>=4.8.0 (from fastapi==0.115.6->-r requirements.txt (line 2))
#11 12.21   Downloading typing_extensions-4.16.0-py3-none-any.whl.metadata (3.3 kB)
#11 12.24 Collecting click>=7.0 (from uvicorn==0.34.0->uvicorn[standard]==0.34.0->-r requirements.txt (line 3))
#11 12.24   Downloading click-8.4.2-py3-none-any.whl.metadata (2.6 kB)
#11 12.26 Collecting h11>=0.8 (from uvicorn==0.34.0->uvicorn[standard]==0.34.0->-r requirements.txt (line 3))
#11 12.27   Downloading h11-0.16.0-py3-none-any.whl.metadata (8.3 kB)
#11 12.42 Collecting greenlet!=0.4.17 (from sqlalchemy==2.0.36->-r requirements.txt (line 4))
#11 12.43   Downloading greenlet-3.5.4-cp311-cp311-manylinux_2_24_x86_64.manylinux_2_28_x86_64.whl.metadata (3.8 kB)
#11 12.48 Collecting Mako (from alembic==1.14.0->-r requirements.txt (line 6))
#11 12.48   Downloading mako-1.3.12-py3-none-any.whl.metadata (2.9 kB)
#11 12.68 Collecting cryptography (from authlib==1.4.0->-r requirements.txt (line 7))
#11 12.69   Downloading cryptography-50.0.0-cp311-abi3-manylinux_2_34_x86_64.whl.metadata (4.3 kB)
#11 12.73 Collecting anyio (from httpx==0.28.1->-r requirements.txt (line 10))
#11 12.74   Downloading anyio-4.14.2-py3-none-any.whl.metadata (4.6 kB)
#11 12.76 Collecting certifi (from httpx==0.28.1->-r requirements.txt (line 10))
#11 12.77   Downloading certifi-2026.7.22-py3-none-any.whl.metadata (2.5 kB)
#11 12.79 Collecting httpcore==1.* (from httpx==0.28.1->-r requirements.txt (line 10))
#11 12.80   Downloading httpcore-1.0.9-py3-none-any.whl.metadata (21 kB)
#11 12.82 Collecting idna (from httpx==0.28.1->-r requirements.txt (line 10))
#11 12.83   Downloading idna-3.18-py3-none-any.whl.metadata (6.1 kB)
#11 12.86 Collecting limits>=2.3 (from slowapi==0.1.9->-r requirements.txt (line 12))
#11 12.87   Downloading limits-5.8.0-py3-none-any.whl.metadata (10 kB)
#11 12.91 Collecting python-dotenv>=0.21.0 (from pydantic-settings==2.7.1->-r requirements.txt (line 13))
#11 12.92   Downloading python_dotenv-1.2.2-py3-none-any.whl.metadata (27 kB)
#11 12.94 Collecting dnspython>=2.0.0 (from email-validator==2.3.0->-r requirements.txt (line 14))
#11 12.95   Downloading dnspython-2.8.0-py3-none-any.whl.metadata (5.7 kB)
#11 12.98 Collecting argon2-cffi>=18.2.0 (from passlib[argon2]==1.7.4->-r requirements.txt (line 8))
#11 12.98   Downloading argon2_cffi-25.1.0-py3-none-any.whl.metadata (4.1 kB)
#11 13.02 Collecting httptools>=0.6.3 (from uvicorn[standard]==0.34.0->-r requirements.txt (line 3))
#11 13.03   Downloading httptools-0.8.0-cp311-cp311-manylinux1_x86_64.manylinux_2_28_x86_64.manylinux_2_5_x86_64.whl.metadata (3.5 kB)
#11 13.07 Collecting pyyaml>=5.1 (from uvicorn[standard]==0.34.0->-r requirements.txt (line 3))
#11 13.08   Downloading pyyaml-6.0.3-cp311-cp311-manylinux2014_x86_64.manylinux_2_17_x86_64.manylinux_2_28_x86_64.whl.metadata (2.4 kB)
#11 13.12 Collecting uvloop!=0.15.0,!=0.15.1,>=0.14.0 (from uvicorn[standard]==0.34.0->-r requirements.txt (line 3))
#11 13.13   Downloading uvloop-0.22.1-cp311-cp311-manylinux2014_x86_64.manylinux_2_17_x86_64.manylinux_2_28_x86_64.whl.metadata (4.9 kB)
#11 13.19 Collecting watchfiles>=0.13 (from uvicorn[standard]==0.34.0->-r requirements.txt (line 3))
#11 13.20   Downloading watchfiles-1.2.0-cp311-cp311-manylinux_2_17_x86_64.manylinux2014_x86_64.whl.metadata (4.9 kB)
#11 13.32 Collecting websockets>=10.4 (from uvicorn[standard]==0.34.0->-r requirements.txt (line 3))
#11 13.33   Downloading websockets-17.0.1-cp311-cp311-manylinux1_x86_64.manylinux_2_28_x86_64.manylinux_2_5_x86_64.whl.metadata (6.3 kB)
#11 13.35 Collecting argon2-cffi-bindings (from argon2-cffi>=18.2.0->passlib[argon2]==1.7.4->-r requirements.txt (line 8))
#11 13.36   Downloading argon2_cffi_bindings-25.1.0-cp39-abi3-manylinux_2_26_x86_64.manylinux_2_28_x86_64.whl.metadata (7.4 kB)
#11 13.41 Collecting deprecated>=1.2 (from limits>=2.3->slowapi==0.1.9->-r requirements.txt (line 12))
#11 13.42   Downloading deprecated-1.3.1-py2.py3-none-any.whl.metadata (5.9 kB)
#11 13.42 Requirement already satisfied: packaging>=21 in /usr/local/lib/python3.11/site-packages (from limits>=2.3->slowapi==0.1.9->-r requirements.txt (line 12)) (26.2)
#11 13.44 Collecting annotated-types>=0.6.0 (from pydantic!=1.8,!=1.8.1,!=2.0.0,!=2.0.1,!=2.1.0,<3.0.0,>=1.7.4->fastapi==0.115.6->-r requirements.txt (line 2))
#11 13.45   Downloading annotated_types-0.8.0-py3-none-any.whl.metadata (15 kB)
#11 14.01 Collecting pydantic-core==2.46.4 (from pydantic!=1.8,!=1.8.1,!=2.0.0,!=2.0.1,!=2.1.0,<3.0.0,>=1.7.4->fastapi==0.115.6->-r requirements.txt (line 2))
#11 14.02   Downloading pydantic_core-2.46.4-cp311-cp311-manylinux_2_17_x86_64.manylinux2014_x86_64.whl.metadata (6.6 kB)
#11 14.04 Collecting typing-inspection>=0.4.2 (from pydantic!=1.8,!=1.8.1,!=2.0.0,!=2.0.1,!=2.1.0,<3.0.0,>=1.7.4->fastapi==0.115.6->-r requirements.txt (line 2))
#11 14.05   Downloading typing_inspection-0.4.2-py3-none-any.whl.metadata (2.6 kB)
#11 14.24 Collecting cffi>=2.0.0 (from cryptography->authlib==1.4.0->-r requirements.txt (line 7))
#11 14.25   Downloading cffi-2.1.0-cp311-cp311-manylinux2014_x86_64.manylinux_2_17_x86_64.whl.metadata (2.5 kB)
#11 14.30 Collecting MarkupSafe>=0.9.2 (from Mako->alembic==1.14.0->-r requirements.txt (line 6))
#11 14.31   Downloading markupsafe-3.0.3-cp311-cp311-manylinux2014_x86_64.manylinux_2_17_x86_64.manylinux_2_28_x86_64.whl.metadata (2.7 kB)
#11 14.33 Collecting pycparser (from cffi>=2.0.0->cryptography->authlib==1.4.0->-r requirements.txt (line 7))
#11 14.33   Downloading pycparser-3.0-py3-none-any.whl.metadata (8.2 kB)
#11 14.54 Collecting wrapt<3,>=1.10 (from deprecated>=1.2->limits>=2.3->slowapi==0.1.9->-r requirements.txt (line 12))
#11 14.55   Downloading wrapt-2.3.0-cp311-cp311-manylinux1_x86_64.manylinux_2_28_x86_64.manylinux_2_5_x86_64.whl.metadata (7.4 kB)
#11 14.59 Downloading fastapi-0.115.6-py3-none-any.whl (94 kB)
#11 14.59    ━━━━━━━━━━━━━━━━━━━━━━━━━━━━━━━━━━━━━━━━ 94.8/94.8 kB 219.8 MB/s eta 0:00:00
#11 14.60 Downloading uvicorn-0.34.0-py3-none-any.whl (62 kB)
#11 14.60    ━━━━━━━━━━━━━━━━━━━━━━━━━━━━━━━━━━━━━━━━ 62.3/62.3 kB 285.2 MB/s eta 0:00:00
#11 14.61 Downloading SQLAlchemy-2.0.36-cp311-cp311-manylinux_2_17_x86_64.manylinux2014_x86_64.whl (3.2 MB)
#11 14.65    ━━━━━━━━━━━━━━━━━━━━━━━━━━━━━━━━━━━━━━━━ 3.2/3.2 MB 85.0 MB/s eta 0:00:00
#11 14.65 Downloading asyncpg-0.30.0-cp311-cp311-manylinux_2_17_x86_64.manylinux2014_x86_64.whl (3.1 MB)
#11 14.69    ━━━━━━━━━━━━━━━━━━━━━━━━━━━━━━━━━━━━━━━━ 3.1/3.1 MB 105.1 MB/s eta 0:00:00
#11 14.69 Downloading alembic-1.14.0-py3-none-any.whl (233 kB)
#11 14.70    ━━━━━━━━━━━━━━━━━━━━━━━━━━━━━━━━━━━━━━━ 233.5/233.5 kB 185.7 MB/s eta 0:00:00
#11 14.71 Downloading Authlib-1.4.0-py2.py3-none-any.whl (225 kB)
#11 14.71    ━━━━━━━━━━━━━━━━━━━━━━━━━━━━━━━━━━━━━━━ 225.5/225.5 kB 201.0 MB/s eta 0:00:00
#11 14.72 Downloading passlib-1.7.4-py2.py3-none-any.whl (525 kB)
#11 14.72    ━━━━━━━━━━━━━━━━━━━━━━━━━━━━━━━━━━━━━━━ 525.6/525.6 kB 144.7 MB/s eta 0:00:00
#11 14.73 Downloading PyJWT-2.10.1-py3-none-any.whl (22 kB)
#11 14.74 Downloading httpx-0.28.1-py3-none-any.whl (73 kB)
#11 14.74    ━━━━━━━━━━━━━━━━━━━━━━━━━━━━━━━━━━━━━━━━ 73.5/73.5 kB 191.5 MB/s eta 0:00:00
#11 14.75 Downloading aiosmtplib-3.0.2-py3-none-any.whl (27 kB)
#11 14.76 Downloading slowapi-0.1.9-py3-none-any.whl (14 kB)
#11 14.77 Downloading pydantic_settings-2.7.1-py3-none-any.whl (29 kB)
#11 14.77 Downloading email_validator-2.3.0-py3-none-any.whl (35 kB)
#11 14.78 Downloading httpcore-1.0.9-py3-none-any.whl (78 kB)
#11 14.78    ━━━━━━━━━━━━━━━━━━━━━━━━━━━━━━━━━━━━━━━━ 78.8/78.8 kB 190.0 MB/s eta 0:00:00
#11 14.79 Downloading argon2_cffi-25.1.0-py3-none-any.whl (14 kB)
#11 14.80 Downloading click-8.4.2-py3-none-any.whl (119 kB)
#11 14.80    ━━━━━━━━━━━━━━━━━━━━━━━━━━━━━━━━━━━━━━━ 119.2/119.2 kB 194.7 MB/s eta 0:00:00
#11 14.81 Downloading dnspython-2.8.0-py3-none-any.whl (331 kB)
#11 14.82    ━━━━━━━━━━━━━━━━━━━━━━━━━━━━━━━━━━━━━━━ 331.1/331.1 kB 153.2 MB/s eta 0:00:00
#11 14.82 Downloading greenlet-3.5.4-cp311-cp311-manylinux_2_24_x86_64.manylinux_2_28_x86_64.whl (624 kB)
#11 14.83    ━━━━━━━━━━━━━━━━━━━━━━━━━━━━━━━━━━━━━━━ 624.7/624.7 kB 141.4 MB/s eta 0:00:00
#11 14.84 Downloading h11-0.16.0-py3-none-any.whl (37 kB)
#11 14.85 Downloading httptools-0.8.0-cp311-cp311-manylinux1_x86_64.manylinux_2_28_x86_64.manylinux_2_5_x86_64.whl (464 kB)
#11 14.85    ━━━━━━━━━━━━━━━━━━━━━━━━━━━━━━━━━━━━━━━ 464.7/464.7 kB 141.8 MB/s eta 0:00:00
#11 14.86 Downloading idna-3.18-py3-none-any.whl (65 kB)
#11 14.86    ━━━━━━━━━━━━━━━━━━━━━━━━━━━━━━━━━━━━━━━━ 65.5/65.5 kB 194.0 MB/s eta 0:00:00
#11 14.87 Downloading limits-5.8.0-py3-none-any.whl (60 kB)
#11 14.87    ━━━━━━━━━━━━━━━━━━━━━━━━━━━━━━━━━━━━━━━━ 61.0/61.0 kB 189.1 MB/s eta 0:00:00
#11 14.88 Downloading pydantic-2.13.4-py3-none-any.whl (472 kB)
#11 14.89    ━━━━━━━━━━━━━━━━━━━━━━━━━━━━━━━━━━━━━━━ 472.3/472.3 kB 145.5 MB/s eta 0:00:00
#11 14.90 Downloading pydantic_core-2.46.4-cp311-cp311-manylinux_2_17_x86_64.manylinux2014_x86_64.whl (2.1 MB)
#11 14.91    ━━━━━━━━━━━━━━━━━━━━━━━━━━━━━━━━━━━━━━━━ 2.1/2.1 MB 123.1 MB/s eta 0:00:00
#11 14.92 Downloading python_dotenv-1.2.2-py3-none-any.whl (22 kB)
#11 14.93 Downloading pyyaml-6.0.3-cp311-cp311-manylinux2014_x86_64.manylinux_2_17_x86_64.manylinux_2_28_x86_64.whl (806 kB)
#11 14.94    ━━━━━━━━━━━━━━━━━━━━━━━━━━━━━━━━━━━━━━━ 806.6/806.6 kB 134.4 MB/s eta 0:00:00
#11 14.95 Downloading starlette-0.41.3-py3-none-any.whl (73 kB)
#11 14.95    ━━━━━━━━━━━━━━━━━━━━━━━━━━━━━━━━━━━━━━━━ 73.2/73.2 kB 185.2 MB/s eta 0:00:00
#11 14.96 Downloading anyio-4.14.2-py3-none-any.whl (125 kB)
#11 14.96    ━━━━━━━━━━━━━━━━━━━━━━━━━━━━━━━━━━━━━━━ 125.8/125.8 kB 208.7 MB/s eta 0:00:00
#11 14.97 Downloading typing_extensions-4.16.0-py3-none-any.whl (45 kB)
#11 14.97    ━━━━━━━━━━━━━━━━━━━━━━━━━━━━━━━━━━━━━━━━ 45.6/45.6 kB 228.6 MB/s eta 0:00:00
#11 14.98 Downloading uvloop-0.22.1-cp311-cp311-manylinux2014_x86_64.manylinux_2_17_x86_64.manylinux_2_28_x86_64.whl (3.8 MB)
#11 15.01    ━━━━━━━━━━━━━━━━━━━━━━━━━━━━━━━━━━━━━━━━ 3.8/3.8 MB 117.3 MB/s eta 0:00:00
#11 15.02 Downloading watchfiles-1.2.0-cp311-cp311-manylinux_2_17_x86_64.manylinux2014_x86_64.whl (456 kB)
#11 15.03    ━━━━━━━━━━━━━━━━━━━━━━━━━━━━━━━━━━━━━━━ 456.9/456.9 kB 159.1 MB/s eta 0:00:00
#11 15.04 Downloading websockets-17.0.1-cp311-cp311-manylinux1_x86_64.manylinux_2_28_x86_64.manylinux_2_5_x86_64.whl (219 kB)
#11 15.04    ━━━━━━━━━━━━━━━━━━━━━━━━━━━━━━━━━━━━━━━ 219.9/219.9 kB 182.6 MB/s eta 0:00:00
#11 15.05 Downloading certifi-2026.7.22-py3-none-any.whl (136 kB)
#11 15.05    ━━━━━━━━━━━━━━━━━━━━━━━━━━━━━━━━━━━━━━━ 137.0/137.0 kB 190.1 MB/s eta 0:00:00
#11 15.06 Downloading cryptography-50.0.0-cp311-abi3-manylinux_2_34_x86_64.whl (4.7 MB)
#11 15.10    ━━━━━━━━━━━━━━━━━━━━━━━━━━━━━━━━━━━━━━━━ 4.7/4.7 MB 117.6 MB/s eta 0:00:00
#11 15.11 Downloading mako-1.3.12-py3-none-any.whl (78 kB)
#11 15.11    ━━━━━━━━━━━━━━━━━━━━━━━━━━━━━━━━━━━━━━━━ 78.5/78.5 kB 164.9 MB/s eta 0:00:00
#11 15.12 Downloading annotated_types-0.8.0-py3-none-any.whl (13 kB)
#11 15.13 Downloading cffi-2.1.0-cp311-cp311-manylinux2014_x86_64.manylinux_2_17_x86_64.whl (217 kB)
#11 15.13    ━━━━━━━━━━━━━━━━━━━━━━━━━━━━━━━━━━━━━━━ 217.9/217.9 kB 188.8 MB/s eta 0:00:00
#11 15.14 Downloading deprecated-1.3.1-py2.py3-none-any.whl (11 kB)
#11 15.15 Downloading markupsafe-3.0.3-cp311-cp311-manylinux2014_x86_64.manylinux_2_17_x86_64.manylinux_2_28_x86_64.whl (22 kB)
#11 15.15 Downloading typing_inspection-0.4.2-py3-none-any.whl (14 kB)
#11 15.16 Downloading argon2_cffi_bindings-25.1.0-cp39-abi3-manylinux_2_26_x86_64.manylinux_2_28_x86_64.whl (87 kB)
#11 15.17    ━━━━━━━━━━━━━━━━━━━━━━━━━━━━━━━━━━━━━━━━ 87.1/87.1 kB 179.3 MB/s eta 0:00:00
#11 15.17 Downloading wrapt-2.3.0-cp311-cp311-manylinux1_x86_64.manylinux_2_28_x86_64.manylinux_2_5_x86_64.whl (161 kB)
#11 15.18    ━━━━━━━━━━━━━━━━━━━━━━━━━━━━━━━━━━━━━━━ 161.7/161.7 kB 195.0 MB/s eta 0:00:00
#11 15.18 Downloading pycparser-3.0-py3-none-any.whl (48 kB)
#11 15.19    ━━━━━━━━━━━━━━━━━━━━━━━━━━━━━━━━━━━━━━━━ 48.2/48.2 kB 131.1 MB/s eta 0:00:00
#11 15.37 Installing collected packages: passlib, wrapt, websockets, uvloop, typing-extensions, pyyaml, python-dotenv, pyjwt, pycparser, MarkupSafe, idna, httptools, h11, greenlet, dnspython, click, certifi, asyncpg, annotated-types, aiosmtplib, uvicorn, typing-inspection, sqlalchemy, pydantic-core, Mako, httpcore, email-validator, deprecated, cffi, anyio, watchfiles, starlette, pydantic, limits, httpx, cryptography, argon2-cffi-bindings, alembic, slowapi, pydantic-settings, fastapi, authlib, argon2-cffi
#11 17.81 Successfully installed Mako-1.3.12 MarkupSafe-3.0.3 aiosmtplib-3.0.2 alembic-1.14.0 annotated-types-0.8.0 anyio-4.14.2 argon2-cffi-25.1.0 argon2-cffi-bindings-25.1.0 asyncpg-0.30.0 authlib-1.4.0 certifi-2026.7.22 cffi-2.1.0 click-8.4.2 cryptography-50.0.0 deprecated-1.3.1 dnspython-2.8.0 email-validator-2.3.0 fastapi-0.115.6 greenlet-3.5.4 h11-0.16.0 httpcore-1.0.9 httptools-0.8.0 httpx-0.28.1 idna-3.18 limits-5.8.0 passlib-1.7.4 pycparser-3.0 pydantic-2.13.4 pydantic-core-2.46.4 pydantic-settings-2.7.1 pyjwt-2.10.1 python-dotenv-1.2.2 pyyaml-6.0.3 slowapi-0.1.9 sqlalchemy-2.0.36 starlette-0.41.3 typing-extensions-4.16.0 typing-inspection-0.4.2 uvicorn-0.34.0 uvloop-0.22.1 watchfiles-1.2.0 websockets-17.0.1 wrapt-2.3.0
#11 17.81 WARNING: Running pip as the 'root' user can result in broken permissions and conflicting behaviour with the system package manager. It is recommended to use a virtual environment instead: https://pip.pypa.io/warnings/venv
#11 22.93 
#11 22.93 [notice] A new release of pip is available: 24.0 -> 26.2
#11 22.93 [notice] To update, run: pip install --upgrade pip
#11 DONE 23.5s

#26 [auth 5/5] COPY app/ ./app/
#26 DONE 0.1s

#27 [auth] exporting to image
#27 exporting layers
#27 exporting layers 5.2s done
#27 exporting manifest sha256:5ab5adb8e9cecf1724806b3760356bd1b005afa50d7b52f486d361f087abf65e done
#27 exporting config sha256:7414c42dcae63bddf19578ac3b9e9c07575a5f3b6522e2401d69f9cf7b9c545d done
#27 exporting attestation manifest sha256:66ddab604fbf41b9cf08f7a80ed91723166dd83efa80f0661c3cb6fe6c80961c 0.0s done
#27 exporting manifest list sha256:5dbef6ac79cab7b7b5639fc946657dfa2d159e47b3cc352bdabac7deae081a0e done
#27 naming to docker.io/library/auth-service-auth:latest done
#27 unpacking to docker.io/library/auth-service-auth:latest
#27 unpacking to docker.io/library/auth-service-auth:latest 1.2s done
#27 DONE 6.5s

#28 [auth] resolving provenance for metadata file
#28 DONE 0.0s
 Image auth-service-auth Built 
 Image auth-service-frontend Built 
 Network auth-service_default Creating 
 Network auth-service_default Created 
 Container auth-service-mailhog-1 Creating 
 Container auth-service-mailhog-1 Created 
 Container auth-service-auth-1 Creating 
 Container auth-service-auth-1 Created 
 Container auth-service-frontend-1 Creating 
 Container auth-service-frontend-1 Created 
 Container auth-service-mailhog-1 Starting 
 Container auth-service-mailhog-1 Started 
 Container auth-service-auth-1 Starting 
 Container auth-service-auth-1 Started 
 Container auth-service-frontend-1 Starting 
 Container auth-service-frontend-1 Started 
